Thu Jan  1 00:00:28 UTC 1970 PID 150 -  is no longer running.
Thu Jan  1 00:00:28 UTC 1970 PID 158 -  is no longer running.
Thu Jan  1 00:00:30 UTC 1970 PID 150 -  is no longer running.
Thu Jan  1 00:00:31 UTC 1970 PID 156 -  is no longer running.
Thu Jan  1 00:00:30 UTC 1970 PID 150 -  is no longer running.
Thu Jan  1 00:00:30 UTC 1970 PID 156 -  is no longer running.
Thu Jan  1 00:00:30 UTC 1970 PID 150 -  is no longer running.
Thu Jan  1 00:00:30 UTC 1970 PID 156 -  is no longer running.
Thu Jan  1 00:00:31 UTC 1970 PID 177 -  is no longer running.
Thu Jan  1 00:00:31 UTC 1970 PID 183 -  is no longer running.
Thu Jan  1 00:00:31 UTC 1970 PID 177 -  is no longer running.
Thu Jan  1 00:00:31 UTC 1970 PID 183 -  is no longer running.
Thu Jan  1 00:00:31 UTC 1970 PID 177 -  is no longer running.
Thu Jan  1 00:00:32 UTC 1970 PID 183 -  is no longer running.
Thu Jan  1 00:00:31 UTC 1970 PID 177 -  is no longer running.
Thu Jan  1 00:00:31 UTC 1970 PID 183 -  is no longer running.
Thu Jan  1 00:00:22 UTC 1970 PID 179 -  is no longer running.
Thu Jan  1 00:00:22 UTC 1970 PID 185 -  is no longer running.
Fri Apr 10 12:00:46 UTC 2009 PID 375 - ./ipa-rrm is no longer running.
Fri Apr 10 12:00:46 UTC 2009 PID 375 - ./ipa-rrm - Crash log moved to /var/ipaccess/cores/applications/crash_ipa-rrm_1239364831_375.txt
Fri Apr 10 12:00:45 Universal 2009 PID 359 - ./ipa-rrm is no longer running.
Fri Apr 10 12:00:45 Universal 2009 PID 359 - ./ipa-rrm - Crash log moved to /var/ipaccess/cores/applications/crash_ipa-rrm_1239364831_359.txt
Fri Apr 10 12:00:45 Universal 2009 PID 359 - ./ipa-rrm is no longer running.
Fri Apr 10 12:00:45 Universal 2009 PID 359 - ./ipa-rrm - Crash log moved to /var/ipaccess/cores/applications/crash_ipa-rrm_1239364831_359.txt
Sat Nov 19 08:26:56 Universal 2011 PID 1099 - ./3gcntrlapp.exe is no longer running.
Sat Nov 19 08:26:56 Universal 2011 PID 1099 - ./3gcntrlapp.exe - Crash log moved to /var/ipaccess/cores/applications/crash_3gctrlapp_1320505211_1099.txt
Sat Nov 19 08:27:02 Universal 2011 PID 1103 - ./picolibRouter is no longer running.
